// Jest Snapshot v1, https://goo.gl/fbAQLP

exports[`<MultiStepForm /> rendering should match the snapshot 1`] = `
<div>
  <styled.h1>
    Multi-step form example
  </styled.h1>
  <styled.div
    key="0"
  >
    <styled.div>
      <styled.div>
        <img
          className="title-icon"
          src="undefined/icons/svg/400-gt/1-active.svg"
        />
      </styled.div>
      <styled.div
        isActive={true}
      >
        Section 1
      </styled.div>
    </styled.div>
    <styled.div
      isActive={true}
    >
      <h3>
        Form 1
      </h3>
      <FirstInfoForm
        fields={
          Object {
            "email": Object {
              "autofocus": false,
              "error": false,
              "value": "",
            },
            "first": Object {
              "autofocus": true,
              "error": false,
              "value": "",
            },
            "last": Object {
              "autofocus": false,
              "error": false,
              "value": "",
            },
          }
        }
      />
      <Styled(Styled(Styled(BaseButtonLink)))
        disabled={false}
        onClick={[Function]}
      >
        Next
      </Styled(Styled(Styled(BaseButtonLink)))>
    </styled.div>
  </styled.div>
  <styled.div
    key="1"
  >
    <styled.div>
      <styled.div>
        <img
          className="title-icon"
          src="undefined/icons/svg/400-gt/2-inactive.svg"
        />
      </styled.div>
      <styled.div
        isActive={false}
      >
        Section 2
      </styled.div>
    </styled.div>
    <styled.div
      isActive={false}
    >
      <h3>
        Form 2
      </h3>
      <SecondInfoForm
        fields={
          Object {
            "email": Object {
              "autofocus": false,
              "error": false,
              "value": "",
            },
            "first": Object {
              "autofocus": true,
              "error": false,
              "value": "",
            },
            "last": Object {
              "autofocus": false,
              "error": false,
              "value": "",
            },
          }
        }
      />
      <Styled(Styled(Styled(BaseButtonLink)))
        disabled={false}
        onClick={[Function]}
      >
        Next
      </Styled(Styled(Styled(BaseButtonLink)))>
    </styled.div>
  </styled.div>
  <styled.div
    key="2"
  >
    <styled.div>
      <styled.div>
        <img
          className="title-icon"
          src="undefined/icons/svg/400-gt/3-inactive.svg"
        />
      </styled.div>
      <styled.div
        isActive={false}
      >
        Section 3
      </styled.div>
    </styled.div>
    <styled.div
      isActive={false}
    >
      <h3>
        Form 3
      </h3>
      <ThirdInfoForm
        fields={
          Object {
            "email": Object {
              "autofocus": false,
              "error": false,
              "value": "",
            },
            "first": Object {
              "autofocus": true,
              "error": false,
              "value": "",
            },
            "last": Object {
              "autofocus": false,
              "error": false,
              "value": "",
            },
          }
        }
      />
      <Styled(Styled(Styled(BaseButtonLink)))
        disabled={false}
        onClick={[Function]}
      >
        Next
      </Styled(Styled(Styled(BaseButtonLink)))>
    </styled.div>
  </styled.div>
</div>
`;
